<testsuite name="Django Project Tests" errors="0" failures="0" skips="0" tests="27" time="7.047"><testcase time="0.505124" classname="taxi_app.tests.DriverTest" name="test_change_another_record" /><testcase time="0.235004" classname="taxi_app.tests.DriverTest" name="test_get_driver" /><testcase time="0.228019" classname="taxi_app.tests.DriverTest" name="test_get_work_hours" /><testcase time="0.210001" classname="taxi_app.tests.DriverTest" name="test_inactive_to_intransit" /><testcase time="0.209000" classname="taxi_app.tests.DriverTest" name="test_inactive_to_seeking" /><testcase time="0.208998" classname="taxi_app.tests.DriverTest" name="test_intransit_to_inactive" /><testcase time="0.210027" classname="taxi_app.tests.DriverTest" name="test_intransit_to_seeking" /><testcase time="0.218003" classname="taxi_app.tests.DriverTest" name="test_seeking_to_inactive" /><testcase time="0.208992" classname="taxi_app.tests.DriverTest" name="test_seeking_to_intransit" /><testcase time="0.215979" classname="taxi_app.tests.RequestTest" name="test_accepted_to_complete" /><testcase time="0.215029" classname="taxi_app.tests.RequestTest" name="test_accepted_to_new" /><testcase time="0.323002" classname="taxi_app.tests.RequestTest" name="test_another" /><testcase time="0.208998" classname="taxi_app.tests.RequestTest" name="test_complete_to_accepted" /><testcase time="0.208998" classname="taxi_app.tests.RequestTest" name="test_complete_to_new" /><testcase time="0.414005" classname="taxi_app.tests.RequestTest" name="test_create_multiple_request" /><testcase time="0.208004" classname="taxi_app.tests.RequestTest" name="test_create_request_fail" /><testcase time="0.411001" classname="taxi_app.tests.RequestTest" name="test_create_request_success" /><testcase time="0.412000" classname="taxi_app.tests.RequestTest" name="test_delete_request_fail" /><testcase time="0.418972" classname="taxi_app.tests.RequestTest" name="test_delete_request_success" /><testcase time="0.317005" classname="taxi_app.tests.RequestTest" name="test_get_request_admin" /><testcase time="0.432029" classname="taxi_app.tests.RequestTest" name="test_get_request_client" /><testcase time="0.206969" classname="taxi_app.tests.RequestTest" name="test_get_request_driver" /><testcase time="0.207001" classname="taxi_app.tests.RequestTest" name="test_new_to_accepted" /><testcase time="0.208028" classname="taxi_app.tests.TaxiTests" name="test_add_taxi_fail" /><testcase time="0.100002" classname="taxi_app.tests.TaxiTests" name="test_add_taxi_success" /><testcase time="0.098002" classname="taxi_app.tests.TaxiTests" name="test_get_taxi" /><testcase time="0.099971" classname="taxi_app.tests.TaxiTests" name="test_one_driver_one_taxi" /></testsuite>